
> da-lat-farm@0.0.1 test
> ng test --watch=false

node.exe : - Generating browser application bundles (phase: setup)...
At line:1 char:1
+ & "D:\settings/node.exe" "D:\settings/node_modules/npm/bin/npm-cli.js ...
+ ~~~~~~~~~~~~~~~~~~~~~~~~~~~~~~~~~~~~~~~~~~~~~~~~~~~~~~~~~~~~~~~~~~~~~
    + CategoryInfo          : NotSpecified: (- Generating br...hase: setup)... 
   :String) [], RemoteException
    + FullyQualifiedErrorId : NativeCommandError
 
Γ£ö Browser application bundle generation complete.
[32m11 04 2026 15:17:14.143:INFO [karma-server]: [39mKarma v6.4.4 server started at http://localhost:9876/
[32m11 04 2026 15:17:14.144:INFO [launcher]: [39mLaunching browsers Chrome with concurrency unlimited
[32m11 04 2026 15:17:14.158:INFO [launcher]: [39mStarting browser Chrome
[32m11 04 2026 15:17:15.940:INFO [Chrome 147.0.0.0 (Windows 10)]: [39mConnected on socket 8wsfynlYjSh-ZXe1AAAB with id 22402087
Chrome 147.0.0.0 (Windows 10): Executed 0 of 89[32m SUCCESS[39m (0 secs / 0 secs)
[1A[2KINFO: [36m'[Firebase] Analytics disabled in development mode.'[39m
Chrome 147.0.0.0 (Windows 10): Executed 0 of 89[32m SUCCESS[39m (0 secs / 0 secs)
INFO: '[Firebase] Analytics disabled in development mode.'
[1A[2KChrome 147.0.0.0 (Windows 10): Executed 1 of 89[32m SUCCESS[39m (0 secs / 0.036 secs)
[1A[2KChrome 147.0.0.0 (Windows 10): Executed 2 of 89[32m SUCCESS[39m (0 secs / 0.048 secs)
[1A[2KChrome 147.0.0.0 (Windows 10): Executed 3 of 89[32m SUCCESS[39m (0 secs / 0.068 secs)
[1A[2KChrome 147.0.0.0 (Windows 10): Executed 4 of 89[32m SUCCESS[39m (0 secs / 0.077 secs)
[1A[2KChrome 147.0.0.0 (Windows 10): Executed 5 of 89[32m SUCCESS[39m (0 secs / 0.083 secs)
[1A[2KChrome 147.0.0.0 (Windows 10): Executed 6 of 89[32m SUCCESS[39m (0 secs / 0.091 secs)
[1A[2KChrome 147.0.0.0 (Windows 10): Executed 7 of 89[32m SUCCESS[39m (0 secs / 0.096 secs)
[1A[2KChrome 147.0.0.0 (Windows 10): Executed 8 of 89[32m SUCCESS[39m (0 secs / 0.099 secs)
[1A[2KChrome 147.0.0.0 (Windows 10): Executed 9 of 89[32m SUCCESS[39m (0 secs / 0.102 secs)
[1A[2KChrome 147.0.0.0 (Windows 10): Executed 10 of 89[32m SUCCESS[39m (0 secs / 0.104 secs)
[1A[2KChrome 147.0.0.0 (Windows 10): Executed 11 of 89[32m SUCCESS[39m (0 secs / 0.118 secs)
[1A[2KChrome 147.0.0.0 (Windows 10): Executed 12 of 89[32m SUCCESS[39m (0 secs / 0.119 secs)
[1A[2KChrome 147.0.0.0 (Windows 10): Executed 13 of 89[32m SUCCESS[39m (0 secs / 0.119 secs)
[1A[2KChrome 147.0.0.0 (Windows 10): Executed 14 of 89[32m SUCCESS[39m (0 secs / 0.119 secs)
[1A[2KChrome 147.0.0.0 (Windows 10): Executed 15 of 89[32m SUCCESS[39m (0 secs / 0.119 secs)
[1A[2KChrome 147.0.0.0 (Windows 10): Executed 16 of 89[32m SUCCESS[39m (0 secs / 0.119 secs)
[1A[2KChrome 147.0.0.0 (Windows 10): Executed 17 of 89[32m SUCCESS[39m (0 secs / 0.119 secs)
[1A[2KChrome 147.0.0.0 (Windows 10): Executed 18 of 89[32m SUCCESS[39m (0 secs / 0.119 secs)
[1A[2KChrome 147.0.0.0 (Windows 10): Executed 19 of 89[32m SUCCESS[39m (0 secs / 0.119 secs)
[1A[2KChrome 147.0.0.0 (Windows 10): Executed 20 of 89[32m SUCCESS[39m (0 secs / 0.121 secs)
[1A[2KChrome 147.0.0.0 (Windows 10): Executed 21 of 89[32m SUCCESS[39m (0 secs / 0.123 secs)
[1A[2KChrome 147.0.0.0 (Windows 10): Executed 22 of 89[32m SUCCESS[39m (0 secs / 0.125 secs)
[1A[2KChrome 147.0.0.0 (Windows 10): Executed 23 of 89[32m SUCCESS[39m (0 secs / 0.126 secs)
[1A[2KChrome 147.0.0.0 (Windows 10): Executed 24 of 89[32m SUCCESS[39m (0 secs / 0.127 secs)
[1A[2KChrome 147.0.0.0 (Windows 10): Executed 25 of 89[32m SUCCESS[39m (0 secs / 0.129 secs)
[1A[2KChrome 147.0.0.0 (Windows 10): Executed 26 of 89[32m SUCCESS[39m (0 secs / 0.13 secs)
[1A[2KChrome 147.0.0.0 (Windows 10): Executed 27 of 89[32m SUCCESS[39m (0 secs / 0.131 secs)
[1A[2KChrome 147.0.0.0 (Windows 10): Executed 28 of 89[32m SUCCESS[39m (0 secs / 0.146 secs)
[1A[2KChrome 147.0.0.0 (Windows 10): Executed 29 of 89[32m SUCCESS[39m (0 secs / 0.147 secs)
[1A[2KChrome 147.0.0.0 (Windows 10): Executed 30 of 89[32m SUCCESS[39m (0 secs / 0.148 secs)
[1A[2KChrome 147.0.0.0 (Windows 10): Executed 31 of 89[32m SUCCESS[39m (0 secs / 0.149 secs)
[1A[2KChrome 147.0.0.0 (Windows 10): Executed 32 of 89[32m SUCCESS[39m (0 secs / 0.15 secs)
[1A[2KChrome 147.0.0.0 (Windows 10): Executed 33 of 89[32m SUCCESS[39m (0 secs / 0.151 secs)
[1A[2KChrome 147.0.0.0 (Windows 10): Executed 34 of 89[32m SUCCESS[39m (0 secs / 0.153 secs)
[1A[2KChrome 147.0.0.0 (Windows 10): Executed 35 of 89[32m SUCCESS[39m (0 secs / 0.154 secs)
[1A[2KChrome 147.0.0.0 (Windows 10): Executed 36 of 89[32m SUCCESS[39m (0 secs / 0.155 secs)
[1A[2KChrome 147.0.0.0 (Windows 10): Executed 37 of 89[32m SUCCESS[39m (0 secs / 0.159 secs)
[1A[2KChrome 147.0.0.0 (Windows 10): Executed 38 of 89[32m SUCCESS[39m (0 secs / 0.168 secs)
[1A[2KChrome 147.0.0.0 (Windows 10): Executed 39 of 89[32m SUCCESS[39m (0 secs / 0.174 secs)
[1A[2KChrome 147.0.0.0 (Windows 10): Executed 40 of 89[32m SUCCESS[39m (0 secs / 0.178 secs)
[1A[2KChrome 147.0.0.0 (Windows 10): Executed 41 of 89[32m SUCCESS[39m (0 secs / 0.192 secs)
[1A[2KChrome 147.0.0.0 (Windows 10): Executed 42 of 89[32m SUCCESS[39m (0 secs / 0.196 secs)
[1A[2KChrome 147.0.0.0 (Windows 10): Executed 43 of 89[32m SUCCESS[39m (0 secs / 0.201 secs)
[1A[2KChrome 147.0.0.0 (Windows 10): Executed 44 of 89[32m SUCCESS[39m (0 secs / 0.206 secs)
[1A[2KChrome 147.0.0.0 (Windows 10): Executed 45 of 89[32m SUCCESS[39m (0 secs / 0.21 secs)
[1A[2KChrome 147.0.0.0 (Windows 10): Executed 46 of 89[32m SUCCESS[39m (0 secs / 0.211 secs)
[1A[2KChrome 147.0.0.0 (Windows 10): Executed 47 of 89[32m SUCCESS[39m (0 secs / 0.212 secs)
[1A[2KChrome 147.0.0.0 (Windows 10): Executed 48 of 89[32m SUCCESS[39m (0 secs / 0.213 secs)
[1A[2KChrome 147.0.0.0 (Windows 10): Executed 49 of 89[32m SUCCESS[39m (0 secs / 0.215 secs)
[1A[2KChrome 147.0.0.0 (Windows 10): Executed 50 of 89[32m SUCCESS[39m (0 secs / 0.216 secs)
[1A[2KChrome 147.0.0.0 (Windows 10): Executed 51 of 89[32m SUCCESS[39m (0 secs / 0.217 secs)
[1A[2KChrome 147.0.0.0 (Windows 10): Executed 52 of 89[32m SUCCESS[39m (0 secs / 0.22 secs)
[1A[2KChrome 147.0.0.0 (Windows 10): Executed 53 of 89[32m SUCCESS[39m (0 secs / 0.221 secs)
[1A[2KChrome 147.0.0.0 (Windows 10): Executed 54 of 89[32m SUCCESS[39m (0 secs / 0.222 secs)
[1A[2KChrome 147.0.0.0 (Windows 10): Executed 55 of 89[32m SUCCESS[39m (0 secs / 0.224 secs)
[1A[2KChrome 147.0.0.0 (Windows 10): Executed 56 of 89[32m SUCCESS[39m (0 secs / 0.226 secs)
[1A[2KChrome 147.0.0.0 (Windows 10): Executed 57 of 89[32m SUCCESS[39m (0 secs / 0.228 secs)
[1A[2KChrome 147.0.0.0 (Windows 10): Executed 58 of 89[32m SUCCESS[39m (0 secs / 0.231 secs)
[1A[2KChrome 147.0.0.0 (Windows 10): Executed 59 of 89[32m SUCCESS[39m (0 secs / 0.234 secs)
[1A[2KChrome 147.0.0.0 (Windows 10): Executed 60 of 89[32m SUCCESS[39m (0 secs / 0.236 secs)
[1A[2KChrome 147.0.0.0 (Windows 10): Executed 61 of 89[32m SUCCESS[39m (0 secs / 0.237 secs)
[1A[2KChrome 147.0.0.0 (Windows 10): Executed 62 of 89[32m SUCCESS[39m (0 secs / 0.239 secs)
[1A[2KChrome 147.0.0.0 (Windows 10): Executed 63 of 89[32m SUCCESS[39m (0 secs / 0.241 secs)
[1A[2KChrome 147.0.0.0 (Windows 10): Executed 64 of 89[32m SUCCESS[39m (0 secs / 0.243 secs)
[1A[2KChrome 147.0.0.0 (Windows 10): Executed 65 of 89[32m SUCCESS[39m (0 secs / 0.246 secs)
[1A[2KChrome 147.0.0.0 (Windows 10): Executed 66 of 89[32m SUCCESS[39m (0 secs / 0.248 secs)
[1A[2KChrome 147.0.0.0 (Windows 10): Executed 67 of 89[32m SUCCESS[39m (0 secs / 0.251 secs)
[1A[2KChrome 147.0.0.0 (Windows 10): Executed 68 of 89[32m SUCCESS[39m (0 secs / 0.254 secs)
[1A[2KChrome 147.0.0.0 (Windows 10): Executed 69 of 89[32m SUCCESS[39m (0 secs / 0.257 secs)
[1A[2KChrome 147.0.0.0 (Windows 10): Executed 70 of 89[32m SUCCESS[39m (0 secs / 0.259 secs)
[1A[2KChrome 147.0.0.0 (Windows 10): Executed 71 of 89[32m SUCCESS[39m (0 secs / 0.262 secs)
[1A[2KChrome 147.0.0.0 (Windows 10): Executed 72 of 89[32m SUCCESS[39m (0 secs / 0.264 secs)
[1A[2KChrome 147.0.0.0 (Windows 10): Executed 73 of 89[32m SUCCESS[39m (0 secs / 0.268 secs)
[1A[2KChrome 147.0.0.0 (Windows 10): Executed 74 of 89[32m SUCCESS[39m (0 secs / 0.268 secs)
[1A[2KChrome 147.0.0.0 (Windows 10): Executed 75 of 89[32m SUCCESS[39m (0 secs / 0.27 secs)
[1A[2KChrome 147.0.0.0 (Windows 10): Executed 76 of 89[32m SUCCESS[39m (0 secs / 0.27 secs)
[1A[2KChrome 147.0.0.0 (Windows 10): Executed 77 of 89[32m SUCCESS[39m (0 secs / 0.27 secs)
[1A[2KChrome 147.0.0.0 (Windows 10): Executed 78 of 89[32m SUCCESS[39m (0 secs / 0.27 secs)
[1A[2KChrome 147.0.0.0 (Windows 10): Executed 79 of 89[32m SUCCESS[39m (0 secs / 0.271 secs)
[1A[2KChrome 147.0.0.0 (Windows 10): Executed 80 of 89[32m SUCCESS[39m (0 secs / 0.272 secs)
[1A[2KChrome 147.0.0.0 (Windows 10): Executed 81 of 89[32m SUCCESS[39m (0 secs / 0.273 secs)
[1A[2KChrome 147.0.0.0 (Windows 10): Executed 82 of 89[32m SUCCESS[39m (0 secs / 0.273 secs)
[1A[2KChrome 147.0.0.0 (Windows 10): Executed 83 of 89[32m SUCCESS[39m (0 secs / 0.274 secs)
[1A[2KChrome 147.0.0.0 (Windows 10): Executed 84 of 89[32m SUCCESS[39m (0 secs / 0.274 secs)
[1A[2KChrome 147.0.0.0 (Windows 10): Executed 85 of 89[32m SUCCESS[39m (0 secs / 0.274 secs)
[1A[2KChrome 147.0.0.0 (Windows 10): Executed 86 of 89[32m SUCCESS[39m (0 secs / 0.277 secs)
[1A[2KChrome 147.0.0.0 (Windows 10): Executed 87 of 89[32m SUCCESS[39m (0 secs / 0.277 secs)
[1A[2KChrome 147.0.0.0 (Windows 10): Executed 88 of 89[32m SUCCESS[39m (0 secs / 0.277 secs)
[1A[2KChrome 147.0.0.0 (Windows 10): Executed 89 of 89[32m SUCCESS[39m (0 secs / 0.283 secs)
[1A[2KChrome 147.0.0.0 (Windows 10): Executed 89 of 89[32m SUCCESS[39m (0.392 secs / 0.283 secs)
[32mTOTAL: 89 SUCCESS[39m
Γ£ö Browser application bundle generation complete.
Γ£ö Browser application bundle generation complete.
